2026-09-06T15:06:35Z | 5b028aef | 7508 | CLEAN | obsidian-vault-kali/Clippings/Runtimes, frameworks, and harnesses.md | 
2026-09-06T15:06:35Z | eb5c6673 | 8754 | CLEAN | obsidian-vault-kali/Clippings/How to Build a Custom Agent Harness.md | 
2026-09-06T15:06:35Z | cabae746 | 24752 | SUSPICIOUS | obsidian-vault-kali/Clippings/You NEED Meshtastic in Your Bug-Out Bag A Veteran’s Perspective on Emergency Communication.md | inj-heuristic: print
2026-09-06T15:06:35Z | 5e93f176 | 13722 | CLEAN | obsidian-vault-kali/Clippings/The Anatomy of an Agent Harness.md | 
2026-09-06T15:06:35Z | 2169c494 | 10969 | CLEAN | obsidian-vault-kali/Clippings/Improving Deep Agents with harness engineering.md | 
2026-09-06T15:06:35Z | 117055a4 | 10605 | CLEAN | obsidian-vault-kali/Clippings/cecil-taylor-unit-structures.md | 
2026-09-06T15:06:35Z | c4205f49 | 5412 | CLEAN | obsidian-vault-kali/Clippings/MAI-Transcribe-2 is the fastest, most accurate and cheapest speech recognition model in the world.md | 
2026-09-06T15:06:35Z | 72f628ec | 11764 | CLEAN | obsidian-vault-kali/Clippings/miles-davis-kind-of-blue.md | 
2026-09-06T15:06:35Z | f9e1284b | 55429 | SUSPICIOUS | obsidian-vault-kali/Clippings/From safety research prompt to cross-model universal jailbreak.md | inj-heuristic: print
2026-09-06T15:06:35Z | e57d453e | 5852 | CLEAN | obsidian-vault-kali/Clippings/At-Home Cyberwar A Guide to Deauthentication Attacks.md | 
2026-09-06T15:06:35Z | ed8c1e1a | 7211 | CLEAN | obsidian-vault-kali/Clippings/quincy-jones-walking-in-space.md | 
2026-09-06T15:06:35Z | 6525703d | 14423 | CLEAN | obsidian-vault-kali/Clippings/AI, tools and transformation.md | 
2026-09-06T15:06:35Z | 030bd524 | 4037 | SUSPICIOUS | obsidian-vault-kali/Clippings/Community Resilience Guide for a Cyber-Induced Infrastructure Collapse.md | inj-heuristic: print
2026-09-06T15:06:35Z | 9abbf7ae | 3933 | CLEAN | obsidian-vault-kali/Clippings/Deep Agents Open Source Agent Harness.md | 
2026-09-06T15:06:35Z | 2db6702a | 12225 | CLEAN | obsidian-vault-kali/Clippings/Your harness, your memory.md | 
2026-09-06T15:06:35Z | aa5b264f | 6183 | CLEAN | obsidian-vault-kali/Clippings/API Documentation.md | 
2026-09-06T15:06:54Z | 5b028aef | 7508 | CLEAN | obsidian-vault-kali/Clippings/Runtimes, frameworks, and harnesses.md | 
2026-09-06T15:06:54Z | eb5c6673 | 8754 | CLEAN | obsidian-vault-kali/Clippings/How to Build a Custom Agent Harness.md | 
2026-09-06T15:06:54Z | cabae746 | 24752 | CLEAN | obsidian-vault-kali/Clippings/You NEED Meshtastic in Your Bug-Out Bag A Veteran’s Perspective on Emergency Communication.md | 
2026-09-06T15:06:54Z | 5e93f176 | 13722 | CLEAN | obsidian-vault-kali/Clippings/The Anatomy of an Agent Harness.md | 
2026-09-06T15:06:54Z | 2169c494 | 10969 | CLEAN | obsidian-vault-kali/Clippings/Improving Deep Agents with harness engineering.md | 
2026-09-06T15:06:54Z | 117055a4 | 10605 | CLEAN | obsidian-vault-kali/Clippings/cecil-taylor-unit-structures.md | 
2026-09-06T15:06:54Z | c4205f49 | 5412 | CLEAN | obsidian-vault-kali/Clippings/MAI-Transcribe-2 is the fastest, most accurate and cheapest speech recognition model in the world.md | 
2026-09-06T15:06:55Z | 72f628ec | 11764 | CLEAN | obsidian-vault-kali/Clippings/miles-davis-kind-of-blue.md | 
2026-09-06T15:06:55Z | f9e1284b | 55429 | CLEAN | obsidian-vault-kali/Clippings/From safety research prompt to cross-model universal jailbreak.md | 
2026-09-06T15:06:55Z | e57d453e | 5852 | CLEAN | obsidian-vault-kali/Clippings/At-Home Cyberwar A Guide to Deauthentication Attacks.md | 
2026-09-06T15:06:55Z | ed8c1e1a | 7211 | CLEAN | obsidian-vault-kali/Clippings/quincy-jones-walking-in-space.md | 
2026-09-06T15:06:55Z | 6525703d | 14423 | CLEAN | obsidian-vault-kali/Clippings/AI, tools and transformation.md | 
2026-09-06T15:06:55Z | 030bd524 | 4037 | CLEAN | obsidian-vault-kali/Clippings/Community Resilience Guide for a Cyber-Induced Infrastructure Collapse.md | 
2026-09-06T15:06:55Z | 9abbf7ae | 3933 | CLEAN | obsidian-vault-kali/Clippings/Deep Agents Open Source Agent Harness.md | 
2026-09-06T15:06:55Z | 2db6702a | 12225 | CLEAN | obsidian-vault-kali/Clippings/Your harness, your memory.md | 
2026-09-06T15:06:55Z | aa5b264f | 6183 | CLEAN | obsidian-vault-kali/Clippings/API Documentation.md | 
